
D:\GitHub\webdruino\release\build>set "ARDUINO_PATH=C:\Program Files (x86)\Arduino" 

D:\GitHub\webdruino\release\build>set ARDUINO_MCU=atmega328p 

D:\GitHub\webdruino\release\build>set ARDUINO_PROGRAMMER=stk500 

D:\GitHub\webdruino\release\build>set ARDUINO_FCPU=16000000 

D:\GitHub\webdruino\release\build>set ARDUINO_COMPORT=COM5 

D:\GitHub\webdruino\release\build>set ARDUINO_BURNRATE=19200 

D:\GitHub\webdruino\release\build>abuild.bat -r -u arduino_app.pde 
C:\Program Files (x86)\Arduino\hardware\arduino\cores\arduino\Stream.cpp: In member function 'bool Stream::find(char*)':
C:\Program Files (x86)\Arduino\hardware\arduino\cores\arduino\Stream.cpp:78: warning: deprecated conversion from string constant to 'char*'
C:\Program Files (x86)\Arduino\hardware\arduino\cores\arduino\Tone.cpp:119: warning: only initialized variables can be placed into program memory area
C:\Program Files (x86)\Arduino\libraries\SD\utility\SdFile.cpp: In static member function 'static uint8_t SdFile::make83Name(const char*, uint8_t*)':
C:\Program Files (x86)\Arduino\libraries\SD\utility\SdFile.cpp:259: warning: only initialized variables can be placed into program memory area
C:\Program Files (x86)\Arduino\libraries\SoftwareSerial\SoftwareSerial.cpp:59: warning: only initialized variables can be placed into program memory area
avr-gcc: unrecognized option '-Map=.\obj\arduino_app.pde.map'
abuild.bat: Successfully built .\obj\arduino_app.pde.rom
abuild.bat: Successfully built .\obj\arduino_app.pde.hex
   text	   data	    bss	    dec	    hex	filename
      0	  12974	      0	  12974	   32ae	.\obj\arduino_app.pde.hex

abuild.bat: Uploading sketch...
avrdude: ser_open(): can't open device "\\.\COM5": Access is denied.


avrdude done.  Thank you.

aupload.bat:  exiting with return code 1
*** ERROR uploading ***
